example_single_enum/my_enum_string.go
example_single_enum/my_enum_string_test.go
