import (
	"some"
	"my/import"
	"another/import"
)

