?   	github.com/thecodedproject/gopkg/example_generators/lint/examples/empty_dir	[no test files]
