func NamedReturns() (one int32, two string, err error) {
}
