func MyFunction() (nice_package.AStruct, other_package.OtherStruct, error) {

	return nice_package.AStruct{}, other_package.OtherStruct{}, err
}
