func StringCasing() {

	someSnakeCaseStr
	SomeLowerCamelStr
	some_upper_camel_str
}
