// A file level doc string
// across multiple
// lines...
package docstrings

// SingleConst is an error type
const SingleConst error

var (
	// Avar has a single line doc string...
	Avar string = "hello world"

	// A doc string for Bvar
	// with multiple lines and indents
	Bvar int32 = 123
)

// SomeType with a doc string
type SomeType int

// Another type with
// a multi line
// docstring
type AnotherType struct {}

// OneFunc with a docstring
func OneFunc() {
}

// AnotherFunc with a docstring
// on multiple lines
func AnotherFunc() {
}

